// Jest Snapshot v1, https://goo.gl/fbAQLP

exports[`renders correctly 1`] = `
Array [
  <div
    className="css-ihwfbl-Table"
  >
    <table
      className="css-162anet-Table"
    >
      <tbody>
        <tr
          className="css-yxnqpi"
        >
          <th
            className="css-tn6zjf"
          >
            name
          </th>
          <th
            className="css-tn6zjf"
          >
            city
          </th>
          <th
            className="css-tn6zjf"
          >
            state
          </th>
          <th
            className="css-tn6zjf"
          >
            telephone
          </th>
          <th
            className="css-tn6zjf"
          >
            genre
          </th>
        </tr>
        <tr>
          <td
            className="css-1m5hrta"
          />
          <td
            className="css-1m5hrta"
          />
          <td
            className="css-1m5hrta"
          />
          <td
            className="css-1m5hrta"
          />
          <td
            className="css-1m5hrta"
          />
        </tr>
      </tbody>
    </table>
  </div>,
  <div
    className="css-1m8njz9-Table"
  >
    <div>
      Page
    </div>
    <ul
      className="css-yk9mnw-Table"
    >
      <li
        className="css-1affkng-Table"
      >
        <button
          className="css-13d4arg-Table"
          onClick={[Function]}
        >
          1
        </button>
      </li>
    </ul>
  </div>,
]
`;
